COURSE-P1-T04 SANITIZED COMMAND RECORD
Date: 2026-07-25

PASSED | npm.cmd run course-system:status:sync
PASSED | npm.cmd run course-system:status:check
PASSED | gofmt -w models/course_node.go models/course_node_hierarchy_test.go
PASSED | go test ./models -count=1
PASSED | go vet ./...
PASSED | go test ./... -count=1
PASSED | go build ./...
PASSED | docker compose --profile verify run --rm api-verify go vet ./...
PASSED | docker compose --profile verify run --rm api-verify go test ./... -count=1
PASSED | docker compose --profile verify run --rm api-verify go test -race ./... -count=1
PASSED | docker compose --profile verify run --rm api-verify go build ./...
PASSED | docker compose config --quiet
PASSED | temporary PostgreSQL recursive CTE validation

RETRIED | temporary PostgreSQL seed | first exit nonzero
Reason: an overlength bpchar fixture value failed before hierarchy rows were inserted.
The corrected retry passed and is the canonical query result.

NOT_APPLICABLE | frontend lint/unit/build/Playwright
Reason: T04 changes no frontend or HTTP API surface.

Database Migration: NONE. No production or NUC target was accessed.
