# COURSE-P2-T20 command transcript
# Date: 2026-07-26

cd api
go test ./models/ -run LearningItemOwnership -count=1
# exit 0

go test ./... -count=1
# exit 0

cd ..
docker compose config --quiet
# exit 0

docker compose --profile verify run --rm api-verify go vet ./...
# exit 0

docker compose --profile verify run --rm api-verify go test ./...
# exit 0

npm run course-system:status:sync
# Sync successful: no changes required. (after MASTER_PLAN % fix)

npm run course-system:status:sync
# Sync successful: no changes required. (second run no-op)

npm run course-system:status:check
# Check successful: Course System ledger is consistent and unchanged.
# exit 0
